I'm sorry, but errors were detected in your script. Please correct the
errors listed below, and try again.


File "game/script_fgdemo.rpy", line 29: expected end of line
    stop music with fadeout .5
               ^

Ren'Py Version: Ren'Py 8.0.3.22090809
Sun May 28 02:15:08 2023
